2026-01-03 00:33:12.231 +05:30 [INF] User profile is available. Using 'C:\Users\visha\AppData\Local\ASP.NET\DataProtection-Keys' as key repository and Windows DPAPI to encrypt keys at rest.
2026-01-03 00:33:12.734 +05:30 [INF] Now listening on: https://localhost:5001
2026-01-03 00:33:12.736 +05:30 [INF] Now listening on: http://localhost:5000
2026-01-03 00:33:12.827 +05:30 [INF] Application started. Press Ctrl+C to shut down.
2026-01-03 00:33:12.830 +05:30 [INF] Hosting environment: Development
2026-01-03 00:33:12.832 +05:30 [INF] Content root path: D:\estudy2\AI_Generated\estudy\api\API
2026-01-03 00:33:16.116 +05:30 [INF] Request starting HTTP/2 GET https://localhost:5001/ - null null
2026-01-03 00:33:16.375 +05:30 [INF] Executing endpoint 'HTTP: GET /'
2026-01-03 00:33:16.380 +05:30 [INF] Executed endpoint 'HTTP: GET /'
2026-01-03 00:33:16.387 +05:30 [INF] Request finished HTTP/2 GET https://localhost:5001/ - 302 0 null 275.6166ms
2026-01-03 00:33:16.398 +05:30 [INF] Request starting HTTP/2 GET https://localhost:5001/swagger/index.html - null null
2026-01-03 00:33:16.470 +05:30 [INF] Request finished HTTP/2 GET https://localhost:5001/swagger/index.html - 200 null text/html;charset=utf-8 71.5724ms
2026-01-03 00:33:16.526 +05:30 [INF] Request starting HTTP/2 GET https://localhost:5001/_framework/aspnetcore-browser-refresh.js - null null
2026-01-03 00:33:16.536 +05:30 [INF] Request starting HTTP/2 GET https://localhost:5001/_vs/browserLink - null null
2026-01-03 00:33:16.549 +05:30 [INF] Request finished HTTP/2 GET https://localhost:5001/_framework/aspnetcore-browser-refresh.js - 200 13742 application/javascript; charset=utf-8 22.5925ms
2026-01-03 00:33:16.626 +05:30 [INF] Request finished HTTP/2 GET https://localhost:5001/_vs/browserLink - 200 null text/javascript; charset=UTF-8 89.862ms
2026-01-03 00:33:16.700 +05:30 [INF] Request starting HTTP/2 GET https://localhost:5001/swagger/v1/swagger.json - null null
2026-01-03 00:33:16.744 +05:30 [INF] Request finished HTTP/2 GET https://localhost:5001/swagger/v1/swagger.json - 200 null application/json;charset=utf-8 44.2561ms
2026-01-03 00:35:47.000 +05:30 [INF] Request starting HTTP/2 OPTIONS https://localhost:5001/api/Auth/Login - null null
2026-01-03 00:35:47.014 +05:30 [INF] CORS policy execution successful.
2026-01-03 00:35:47.018 +05:30 [INF] Request finished HTTP/2 OPTIONS https://localhost:5001/api/Auth/Login - 204 null null 18.1898ms
2026-01-03 00:35:47.090 +05:30 [INF] Request starting HTTP/2 POST https://localhost:5001/api/Auth/Login - application/json 79
2026-01-03 00:35:47.110 +05:30 [INF] CORS policy execution successful.
2026-01-03 00:35:47.116 +05:30 [INF] Executing endpoint 'API.Controllers.AuthController.Login (API)'
2026-01-03 00:35:47.168 +05:30 [INF] Route matched with {action = "Login", controller = "Auth"}. Executing controller action with signature System.Threading.Tasks.Task`1[Microsoft.AspNetCore.Mvc.ActionResult`1[API.DTOs.AuthResponse]] Login(API.DTOs.LoginRequest) on controller API.Controllers.AuthController (API).
2026-01-03 00:35:48.983 +05:30 [INF] Executed DbCommand (251ms) [Parameters=[@__request_Email_0='?' (Size = 255)], CommandType='"Text"', CommandTimeout='30']
SELECT `c`.`id`, `c`.`address`, `c`.`city`, `c`.`country`, `c`.`createdAt`, `c`.`createdBy`, `c`.`deletedAt`, `c`.`dob`, `c`.`email`, `c`.`firstname`, `c`.`isActive`, `c`.`isArchived`, `c`.`isBlocked`, `c`.`isDeleted`, `c`.`isVerified`, `c`.`lastname`, `c`.`middlename`, `c`.`phone`, `c`.`state`, `c`.`status`, `c`.`updatedAt`, `c`.`updatedBy`, `c`.`userpassword`, `c`.`zip`
FROM `candidate` AS `c`
WHERE (`c`.`email` = @__request_Email_0) AND NOT (`c`.`isDeleted`)
LIMIT 1
2026-01-03 00:35:49.552 +05:30 [INF] Executing OkObjectResult, writing value of type 'API.DTOs.AuthResponse'.
2026-01-03 00:35:49.562 +05:30 [INF] Executed action API.Controllers.AuthController.Login (API) in 2386.7323ms
2026-01-03 00:35:49.567 +05:30 [INF] Executed endpoint 'API.Controllers.AuthController.Login (API)'
2026-01-03 00:35:49.580 +05:30 [INF] Request finished HTTP/2 POST https://localhost:5001/api/Auth/Login - 200 null application/json; charset=utf-8 2490.8315ms
2026-01-03 00:36:03.338 +05:30 [INF] Request starting HTTP/2 OPTIONS https://localhost:5001/api/Auth/forgot - null null
2026-01-03 00:36:03.346 +05:30 [INF] CORS policy execution successful.
2026-01-03 00:36:03.348 +05:30 [INF] Request finished HTTP/2 OPTIONS https://localhost:5001/api/Auth/forgot - 204 null null 10.154ms
2026-01-03 00:36:03.350 +05:30 [INF] Request starting HTTP/2 POST https://localhost:5001/api/Auth/forgot - application/json 56
2026-01-03 00:36:03.359 +05:30 [INF] CORS policy execution successful.
2026-01-03 00:36:03.361 +05:30 [INF] Executing endpoint 'API.Controllers.AuthController.ForgotPassword (API)'
2026-01-03 00:36:03.368 +05:30 [INF] Route matched with {action = "ForgotPassword", controller = "Auth"}. Executing controller action with signature System.Threading.Tasks.Task`1[Microsoft.AspNetCore.Mvc.IActionResult] ForgotPassword(API.DTOs.ForgotPasswordRequest) on controller API.Controllers.AuthController (API).
2026-01-03 00:36:03.560 +05:30 [INF] Executed DbCommand (30ms) [Parameters=[@p0='?' (DbType = DateTime), @p1='?' (Size = 255), @p2='?' (DbType = DateTime), @p3='?' (Size = 255)], CommandType='"Text"', CommandTimeout='30']
INSERT INTO `passwordresettokens` (`createdAt`, `email`, `expiresAt`, `token`)
VALUES (@p0, @p1, @p2, @p3);
SELECT `id`
FROM `passwordresettokens`
WHERE ROW_COUNT() = 1 AND `id` = LAST_INSERT_ID();
2026-01-03 00:36:03.602 +05:30 [INF] Start processing HTTP request POST https://localhost:5001/api/notificationcontrollers/email
2026-01-03 00:36:03.607 +05:30 [INF] Sending HTTP request POST https://localhost:5001/api/notificationcontrollers/email
2026-01-03 00:36:03.635 +05:30 [INF] Request starting HTTP/1.1 POST https://localhost:5001/api/notificationcontrollers/email - application/json; charset=utf-8 null
2026-01-03 00:36:03.642 +05:30 [INF] Executing endpoint 'Api.Notification.Controllers.NotificationControllers.SendEmail (API)'
2026-01-03 00:36:03.646 +05:30 [INF] Route matched with {action = "SendEmail", controller = "NotificationControllers"}. Executing controller action with signature Microsoft.AspNetCore.Mvc.IActionResult SendEmail(Api.Notification.DTOs.EmailRequest) on controller Api.Notification.Controllers.NotificationControllers (API).
2026-01-03 00:36:20.568 +05:30 [INF] Executing OkObjectResult, writing value of type '<>f__AnonymousType5`1[[System.String, System.Private.CoreLib, Version=8.0.0.0, Culture=neutral, PublicKeyToken=7cec85d7bea7798e]]'.
2026-01-03 00:36:20.635 +05:30 [INF] Executed action Api.Notification.Controllers.NotificationControllers.SendEmail (API) in 16985.6202ms
2026-01-03 00:36:20.637 +05:30 [INF] Executed endpoint 'Api.Notification.Controllers.NotificationControllers.SendEmail (API)'
2026-01-03 00:36:20.638 +05:30 [INF] Received HTTP response headers after 17025.475ms - 200
2026-01-03 00:36:20.640 +05:30 [INF] Request finished HTTP/1.1 POST https://localhost:5001/api/notificationcontrollers/email - 200 null application/json; charset=utf-8 17004.8352ms
2026-01-03 00:36:20.644 +05:30 [INF] End processing HTTP request after 17043.1462ms - 200
2026-01-03 00:36:20.653 +05:30 [INF] Executing OkObjectResult, writing value of type '<>f__AnonymousType0`1[[System.String, System.Private.CoreLib, Version=8.0.0.0, Culture=neutral, PublicKeyToken=7cec85d7bea7798e]]'.
2026-01-03 00:36:20.656 +05:30 [INF] Executed action API.Controllers.AuthController.ForgotPassword (API) in 17284.261ms
2026-01-03 00:36:20.659 +05:30 [INF] Executed endpoint 'API.Controllers.AuthController.ForgotPassword (API)'
2026-01-03 00:36:20.662 +05:30 [INF] Request finished HTTP/2 POST https://localhost:5001/api/Auth/forgot - 200 null application/json; charset=utf-8 17312.926ms
